CCS PCM C Compiler, Version 5.084d, 1               08-Jun-19 12:27
Compiler operating in Evaluation Mode
To obtain a fully enabled compiler visit www.ccsinfo.com/products

               Filename:   Y:\ccs c projects\App18_timer1_interrupt\timer1_int.lst

               ROM used:   116 words (1%)
                           Largest free fragment is 2048
               RAM used:   13 (4%) at main() level
                           13 (4%) worst case
               Stack used: 1 locations (0 in main + 1 for interrupts)
               Stack size: 8

*
0000:  MOVLW  00
0001:  MOVWF  0A
0002:  GOTO   045
0003:  NOP
0004:  MOVWF  7F
0005:  SWAPF  03,W
0006:  CLRF   03
0007:  MOVWF  21
0008:  MOVF   0A,W
0009:  MOVWF  20
000A:  CLRF   0A
000B:  MOVF   04,W
000C:  MOVWF  22
000D:  MOVF   77,W
000E:  MOVWF  23
000F:  MOVF   78,W
0010:  MOVWF  24
0011:  MOVF   79,W
0012:  MOVWF  25
0013:  MOVF   7A,W
0014:  MOVWF  26
0015:  BCF    03.7
0016:  BCF    03.5
0017:  MOVLW  8C
0018:  MOVWF  04
0019:  BTFSS  00.0
001A:  GOTO   01D
001B:  BTFSC  0C.0
001C:  GOTO   02E
001D:  MOVF   22,W
001E:  MOVWF  04
001F:  MOVF   23,W
0020:  MOVWF  77
0021:  MOVF   24,W
0022:  MOVWF  78
0023:  MOVF   25,W
0024:  MOVWF  79
0025:  MOVF   26,W
0026:  MOVWF  7A
0027:  MOVF   20,W
0028:  MOVWF  0A
0029:  SWAPF  21,W
002A:  MOVWF  03
002B:  SWAPF  7F,F
002C:  SWAPF  7F,W
002D:  RETFIE
002E:  BCF    0A.3
002F:  BCF    0A.4
0030:  GOTO   031
....................  
.................... #include <16f877.h> 
.................... //////////// Standard Header file for the PIC16F877 device //////////////// 
.................... /////////////////////////////////////////////////////////////////////////// 
.................... ////        (C) Copyright 1996, 2014 Custom Computer Services          //// 
.................... //// This source code may only be used by licensed users of the CCS C  //// 
.................... //// compiler.  This source code may only be distributed to other      //// 
.................... //// licensed users of the CCS C compiler.  No other use, reproduction //// 
.................... //// or distribution is permitted without written permission.          //// 
.................... //// Derivative programs created using this software in object code    //// 
.................... //// form are not restricted in any way.                               //// 
.................... /////////////////////////////////////////////////////////////////////////// 
.................... #device PIC16F877 
....................  
.................... #list 
....................  
....................  
.................... #fuses XT, NOWDT, NOPROTECT, NOBROWNOUT, NOLVP, NOPUT, NOWRT, NODEBUG, NOCPD 
....................  
.................... #use delay (clock = 4000000) 
....................  
.................... #use fast_io(b) 
....................  
.................... char i = 0; 
....................  
.................... #int_timer1 
.................... void timer1_interrupt() 
.................... { 
....................    set_timer1(63036); 
0031:  CLRF   0E
0032:  MOVLW  F6
0033:  MOVWF  0F
0034:  MOVLW  3C
0035:  MOVWF  0E
....................    i++; 
0036:  INCF   27,F
....................     
....................    if(i == 50) 
0037:  MOVF   27,W
0038:  SUBLW  32
0039:  BTFSC  03.2
....................       output_high(pin_b0); 
003A:  BSF    06.0
....................     
....................    if(i == 100){ 
003B:  MOVF   27,W
003C:  SUBLW  64
003D:  BTFSS  03.2
003E:  GOTO   041
....................       output_low(pin_b0); 
003F:  BCF    06.0
....................       i = 0; 
0040:  CLRF   27
....................    } 
....................     
0041:  BCF    0C.0
0042:  BCF    0A.3
0043:  BCF    0A.4
0044:  GOTO   01D
.................... } 
....................  
.................... void main() 
0045:  MOVF   03,W
0046:  ANDLW  1F
0047:  MOVWF  03
0048:  CLRF   27
0049:  BSF    03.5
004A:  BSF    1F.0
004B:  BSF    1F.1
004C:  BSF    1F.2
004D:  BCF    1F.3
004E:  BCF    03.7
.................... { 
....................    setup_psp(PSP_DISABLED); 
004F:  BCF    09.4
....................    setup_timer_1(T1_DISABLED); 
0050:  BCF    03.5
0051:  CLRF   10
....................    setup_timer_2(T2_DISABLED, 0, 1); 
0052:  MOVLW  00
0053:  MOVWF  78
0054:  MOVWF  12
0055:  MOVLW  00
0056:  BSF    03.5
0057:  MOVWF  12
....................    setup_adc_ports(NO_ANALOGS); 
0058:  BSF    1F.0
0059:  BSF    1F.1
005A:  BSF    1F.2
005B:  BCF    1F.3
....................    setup_adc(ADC_OFF); 
005C:  BCF    03.5
005D:  BCF    1F.0
....................    setup_CCP1(CCP_OFF); 
005E:  MOVLW  F0
005F:  ANDWF  17,F
....................    setup_CCP2(CCP_OFF); 
0060:  ANDWF  1D,F
....................     
....................    set_tris_b(0x00); 
0061:  MOVLW  00
0062:  BSF    03.5
0063:  MOVWF  06
....................    output_b(0x00); 
0064:  BCF    03.5
0065:  CLRF   06
....................     
....................    setup_timer_1(T1_INTERNAL | T1_DIV_BY_8); 
0066:  MOVLW  B5
0067:  MOVWF  10
....................     
....................    set_timer1(63036); 
0068:  CLRF   0E
0069:  MOVLW  F6
006A:  MOVWF  0F
006B:  MOVLW  3C
006C:  MOVWF  0E
....................     
....................    enable_interrupts(int_timer1); 
006D:  BSF    03.5
006E:  BSF    0C.0
....................    enable_interrupts(GLOBAL); 
006F:  MOVLW  C0
0070:  BCF    03.5
0071:  IORWF  0B,F
....................     
....................    while(true); 
0072:  GOTO   072
....................     
.................... } 
....................  
0073:  SLEEP
....................  
....................  
....................  
....................  
....................  
....................  
....................  
....................  
....................  
....................  

Configuration Fuses:
   Word  1: 3F39   XT NOWDT NOPUT NOBROWNOUT NOLVP NOCPD NOWRT NODEBUG NOPROTECT
